[2026-09-06 01:37:50] local.ERROR: Class "DOMDocument" not found {"exception":"[object] (Error(code: 0): Class \"DOMDocument\" not found at /mnt/data/patchproj/upd-forgot-password/vendor/nunomaduro/termwind/src/HtmlRenderer.php:32)
[stacktrace]
#0 /mnt/data/patchproj/upd-forgot-password/vendor/nunomaduro/termwind/src/HtmlRenderer.php(24): Termwind\\HtmlRenderer->parse()
#1 /mnt/data/patchproj/upd-forgot-password/vendor/nunomaduro/termwind/src/Functions.php(41): Termwind\\HtmlRenderer->render()
#2 /mnt/data/patchproj/upd-forgot-password/vendor/laravel/framework/src/Illuminate/Console/View/Components/Component.php(51): Termwind\\render()
#3 /mnt/data/patchproj/upd-forgot-password/vendor/laravel/framework/src/Illuminate/Console/View/Components/Line.php(54): Illuminate\\Console\\View\\Components\\Component->renderView()
#4 /mnt/data/patchproj/upd-forgot-password/vendor/laravel/framework/src/Illuminate/Console/View/Components/Info.php(18): Illuminate\\Console\\View\\Components\\Line->render()
#5 /mnt/data/patchproj/upd-forgot-password/vendor/laravel/framework/src/Illuminate/Console/View/Components/Factory.php(59): Illuminate\\Console\\View\\Components\\Info->render()
#6 /mnt/data/patchproj/upd-forgot-password/vendor/laravel/framework/src/Illuminate/Foundation/Console/ViewClearCommand.php(73): Illuminate\\Console\\View\\Components\\Factory->__call()
#7 /mnt/data/patchproj/upd-forgot-password/vendor/laravel/framework/src/Illuminate/Container/BoundMethod.php(36): Illuminate\\Foundation\\Console\\ViewClearCommand->handle()
#8 /mnt/data/patchproj/upd-forgot-password/vendor/laravel/framework/src/Illuminate/Container/Util.php(43): Illuminate\\Container\\BoundMethod::{closure:Illuminate\\Container\\BoundMethod::call():35}()
#9 /mnt/data/patchproj/upd-forgot-password/vendor/laravel/framework/src/Illuminate/Container/BoundMethod.php(96): Illuminate\\Container\\Util::unwrapIfClosure()
#10 /mnt/data/patchproj/upd-forgot-password/vendor/laravel/framework/src/Illuminate/Container/BoundMethod.php(35): Illuminate\\Container\\BoundMethod::callBoundMethod()
#11 /mnt/data/patchproj/upd-forgot-password/vendor/laravel/framework/src/Illuminate/Container/Container.php(799): Illuminate\\Container\\BoundMethod::call()
#12 /mnt/data/patchproj/upd-forgot-password/vendor/laravel/framework/src/Illuminate/Console/Command.php(211): Illuminate\\Container\\Container->call()
#13 /mnt/data/patchproj/upd-forgot-password/vendor/symfony/console/Command/Command.php(341): Illuminate\\Console\\Command->execute()
#14 /mnt/data/patchproj/upd-forgot-password/vendor/laravel/framework/src/Illuminate/Console/Command.php(180): Symfony\\Component\\Console\\Command\\Command->run()
#15 /mnt/data/patchproj/upd-forgot-password/vendor/symfony/console/Application.php(1117): Illuminate\\Console\\Command->run()
#16 /mnt/data/patchproj/upd-forgot-password/vendor/symfony/console/Application.php(356): Symfony\\Component\\Console\\Application->doRunCommand()
#17 /mnt/data/patchproj/upd-forgot-password/vendor/symfony/console/Application.php(195): Symfony\\Component\\Console\\Application->doRun()
#18 /mnt/data/patchproj/upd-forgot-password/vendor/laravel/framework/src/Illuminate/Foundation/Console/Kernel.php(198): Symfony\\Component\\Console\\Application->run()
#19 /mnt/data/patchproj/upd-forgot-password/vendor/laravel/framework/src/Illuminate/Foundation/Application.php(1235): Illuminate\\Foundation\\Console\\Kernel->handle()
#20 /mnt/data/patchproj/upd-forgot-password/artisan(16): Illuminate\\Foundation\\Application->handleCommand()
#21 {main}
"} 
[2026-09-06 01:37:50] local.ERROR: Class "DOMDocument" not found {"exception":"[object] (Error(code: 0): Class \"DOMDocument\" not found at /mnt/data/patchproj/upd-forgot-password/vendor/nunomaduro/termwind/src/HtmlRenderer.php:32)
[stacktrace]
#0 /mnt/data/patchproj/upd-forgot-password/vendor/nunomaduro/termwind/src/HtmlRenderer.php(24): Termwind\\HtmlRenderer->parse()
#1 /mnt/data/patchproj/upd-forgot-password/vendor/nunomaduro/termwind/src/Functions.php(41): Termwind\\HtmlRenderer->render()
#2 /mnt/data/patchproj/upd-forgot-password/vendor/laravel/framework/src/Illuminate/Console/View/Components/Component.php(51): Termwind\\render()
#3 /mnt/data/patchproj/upd-forgot-password/vendor/laravel/framework/src/Illuminate/Console/View/Components/Line.php(54): Illuminate\\Console\\View\\Components\\Component->renderView()
#4 /mnt/data/patchproj/upd-forgot-password/vendor/laravel/framework/src/Illuminate/Console/View/Components/Info.php(18): Illuminate\\Console\\View\\Components\\Line->render()
#5 /mnt/data/patchproj/upd-forgot-password/vendor/laravel/framework/src/Illuminate/Console/View/Components/Factory.php(59): Illuminate\\Console\\View\\Components\\Info->render()
#6 /mnt/data/patchproj/upd-forgot-password/vendor/laravel/framework/src/Illuminate/Foundation/Console/ViewClearCommand.php(73): Illuminate\\Console\\View\\Components\\Factory->__call()
#7 /mnt/data/patchproj/upd-forgot-password/vendor/laravel/framework/src/Illuminate/Container/BoundMethod.php(36): Illuminate\\Foundation\\Console\\ViewClearCommand->handle()
#8 /mnt/data/patchproj/upd-forgot-password/vendor/laravel/framework/src/Illuminate/Container/Util.php(43): Illuminate\\Container\\BoundMethod::{closure:Illuminate\\Container\\BoundMethod::call():35}()
#9 /mnt/data/patchproj/upd-forgot-password/vendor/laravel/framework/src/Illuminate/Container/BoundMethod.php(96): Illuminate\\Container\\Util::unwrapIfClosure()
#10 /mnt/data/patchproj/upd-forgot-password/vendor/laravel/framework/src/Illuminate/Container/BoundMethod.php(35): Illuminate\\Container\\BoundMethod::callBoundMethod()
#11 /mnt/data/patchproj/upd-forgot-password/vendor/laravel/framework/src/Illuminate/Container/Container.php(799): Illuminate\\Container\\BoundMethod::call()
#12 /mnt/data/patchproj/upd-forgot-password/vendor/laravel/framework/src/Illuminate/Console/Command.php(211): Illuminate\\Container\\Container->call()
#13 /mnt/data/patchproj/upd-forgot-password/vendor/symfony/console/Command/Command.php(341): Illuminate\\Console\\Command->execute()
#14 /mnt/data/patchproj/upd-forgot-password/vendor/laravel/framework/src/Illuminate/Console/Command.php(180): Symfony\\Component\\Console\\Command\\Command->run()
#15 /mnt/data/patchproj/upd-forgot-password/vendor/laravel/framework/src/Illuminate/Console/Concerns/CallsCommands.php(68): Illuminate\\Console\\Command->run()
#16 /mnt/data/patchproj/upd-forgot-password/vendor/laravel/framework/src/Illuminate/Console/Concerns/CallsCommands.php(41): Illuminate\\Console\\Command->runCommand()
#17 /mnt/data/patchproj/upd-forgot-password/vendor/laravel/framework/src/Illuminate/Foundation/Console/ViewCacheCommand.php(36): Illuminate\\Console\\Command->callSilent()
#18 /mnt/data/patchproj/upd-forgot-password/vendor/laravel/framework/src/Illuminate/Container/BoundMethod.php(36): Illuminate\\Foundation\\Console\\ViewCacheCommand->handle()
#19 /mnt/data/patchproj/upd-forgot-password/vendor/laravel/framework/src/Illuminate/Container/Util.php(43): Illuminate\\Container\\BoundMethod::{closure:Illuminate\\Container\\BoundMethod::call():35}()
#20 /mnt/data/patchproj/upd-forgot-password/vendor/laravel/framework/src/Illuminate/Container/BoundMethod.php(96): Illuminate\\Container\\Util::unwrapIfClosure()
#21 /mnt/data/patchproj/upd-forgot-password/vendor/laravel/framework/src/Illuminate/Container/BoundMethod.php(35): Illuminate\\Container\\BoundMethod::callBoundMethod()
#22 /mnt/data/patchproj/upd-forgot-password/vendor/laravel/framework/src/Illuminate/Container/Container.php(799): Illuminate\\Container\\BoundMethod::call()
#23 /mnt/data/patchproj/upd-forgot-password/vendor/laravel/framework/src/Illuminate/Console/Command.php(211): Illuminate\\Container\\Container->call()
#24 /mnt/data/patchproj/upd-forgot-password/vendor/symfony/console/Command/Command.php(341): Illuminate\\Console\\Command->execute()
#25 /mnt/data/patchproj/upd-forgot-password/vendor/laravel/framework/src/Illuminate/Console/Command.php(180): Symfony\\Component\\Console\\Command\\Command->run()
#26 /mnt/data/patchproj/upd-forgot-password/vendor/symfony/console/Application.php(1117): Illuminate\\Console\\Command->run()
#27 /mnt/data/patchproj/upd-forgot-password/vendor/symfony/console/Application.php(356): Symfony\\Component\\Console\\Application->doRunCommand()
#28 /mnt/data/patchproj/upd-forgot-password/vendor/symfony/console/Application.php(195): Symfony\\Component\\Console\\Application->doRun()
#29 /mnt/data/patchproj/upd-forgot-password/vendor/laravel/framework/src/Illuminate/Foundation/Console/Kernel.php(198): Symfony\\Component\\Console\\Application->run()
#30 /mnt/data/patchproj/upd-forgot-password/vendor/laravel/framework/src/Illuminate/Foundation/Application.php(1235): Illuminate\\Foundation\\Console\\Kernel->handle()
#31 /mnt/data/patchproj/upd-forgot-password/artisan(16): Illuminate\\Foundation\\Application->handleCommand()
#32 {main}
"} 
[2026-09-06 01:57:04] local.ERROR: Class "DOMDocument" not found {"exception":"[object] (Error(code: 0): Class \"DOMDocument\" not found at /mnt/data/claude_reg_edit/upd-forgot-password/vendor/nunomaduro/termwind/src/HtmlRenderer.php:32)
[stacktrace]
#0 /mnt/data/claude_reg_edit/upd-forgot-password/vendor/nunomaduro/termwind/src/HtmlRenderer.php(24): Termwind\\HtmlRenderer->parse()
#1 /mnt/data/claude_reg_edit/upd-forgot-password/vendor/nunomaduro/termwind/src/Functions.php(41): Termwind\\HtmlRenderer->render()
#2 /mnt/data/claude_reg_edit/upd-forgot-password/vendor/laravel/framework/src/Illuminate/Console/View/Components/Component.php(51): Termwind\\render()
#3 /mnt/data/claude_reg_edit/upd-forgot-password/vendor/laravel/framework/src/Illuminate/Console/View/Components/Line.php(54): Illuminate\\Console\\View\\Components\\Component->renderView()
#4 /mnt/data/claude_reg_edit/upd-forgot-password/vendor/laravel/framework/src/Illuminate/Console/View/Components/Info.php(18): Illuminate\\Console\\View\\Components\\Line->render()
#5 /mnt/data/claude_reg_edit/upd-forgot-password/vendor/laravel/framework/src/Illuminate/Console/View/Components/Factory.php(59): Illuminate\\Console\\View\\Components\\Info->render()
#6 /mnt/data/claude_reg_edit/upd-forgot-password/vendor/laravel/framework/src/Illuminate/Foundation/Console/ViewClearCommand.php(73): Illuminate\\Console\\View\\Components\\Factory->__call()
#7 /mnt/data/claude_reg_edit/upd-forgot-password/vendor/laravel/framework/src/Illuminate/Container/BoundMethod.php(36): Illuminate\\Foundation\\Console\\ViewClearCommand->handle()
#8 /mnt/data/claude_reg_edit/upd-forgot-password/vendor/laravel/framework/src/Illuminate/Container/Util.php(43): Illuminate\\Container\\BoundMethod::{closure:Illuminate\\Container\\BoundMethod::call():35}()
#9 /mnt/data/claude_reg_edit/upd-forgot-password/vendor/laravel/framework/src/Illuminate/Container/BoundMethod.php(96): Illuminate\\Container\\Util::unwrapIfClosure()
#10 /mnt/data/claude_reg_edit/upd-forgot-password/vendor/laravel/framework/src/Illuminate/Container/BoundMethod.php(35): Illuminate\\Container\\BoundMethod::callBoundMethod()
#11 /mnt/data/claude_reg_edit/upd-forgot-password/vendor/laravel/framework/src/Illuminate/Container/Container.php(799): Illuminate\\Container\\BoundMethod::call()
#12 /mnt/data/claude_reg_edit/upd-forgot-password/vendor/laravel/framework/src/Illuminate/Console/Command.php(211): Illuminate\\Container\\Container->call()
#13 /mnt/data/claude_reg_edit/upd-forgot-password/vendor/symfony/console/Command/Command.php(341): Illuminate\\Console\\Command->execute()
#14 /mnt/data/claude_reg_edit/upd-forgot-password/vendor/laravel/framework/src/Illuminate/Console/Command.php(180): Symfony\\Component\\Console\\Command\\Command->run()
#15 /mnt/data/claude_reg_edit/upd-forgot-password/vendor/symfony/console/Application.php(1117): Illuminate\\Console\\Command->run()
#16 /mnt/data/claude_reg_edit/upd-forgot-password/vendor/symfony/console/Application.php(356): Symfony\\Component\\Console\\Application->doRunCommand()
#17 /mnt/data/claude_reg_edit/upd-forgot-password/vendor/symfony/console/Application.php(195): Symfony\\Component\\Console\\Application->doRun()
#18 /mnt/data/claude_reg_edit/upd-forgot-password/vendor/laravel/framework/src/Illuminate/Foundation/Console/Kernel.php(198): Symfony\\Component\\Console\\Application->run()
#19 /mnt/data/claude_reg_edit/upd-forgot-password/vendor/laravel/framework/src/Illuminate/Foundation/Application.php(1235): Illuminate\\Foundation\\Console\\Kernel->handle()
#20 /mnt/data/claude_reg_edit/upd-forgot-password/artisan(16): Illuminate\\Foundation\\Application->handleCommand()
#21 {main}
"} 
[2026-09-06 01:57:04] local.ERROR: Class "DOMDocument" not found {"exception":"[object] (Error(code: 0): Class \"DOMDocument\" not found at /mnt/data/claude_reg_edit/upd-forgot-password/vendor/nunomaduro/termwind/src/HtmlRenderer.php:32)
[stacktrace]
#0 /mnt/data/claude_reg_edit/upd-forgot-password/vendor/nunomaduro/termwind/src/HtmlRenderer.php(24): Termwind\\HtmlRenderer->parse()
#1 /mnt/data/claude_reg_edit/upd-forgot-password/vendor/nunomaduro/termwind/src/Functions.php(41): Termwind\\HtmlRenderer->render()
#2 /mnt/data/claude_reg_edit/upd-forgot-password/vendor/laravel/framework/src/Illuminate/Console/View/Components/Component.php(51): Termwind\\render()
#3 /mnt/data/claude_reg_edit/upd-forgot-password/vendor/laravel/framework/src/Illuminate/Console/View/Components/Line.php(54): Illuminate\\Console\\View\\Components\\Component->renderView()
#4 /mnt/data/claude_reg_edit/upd-forgot-password/vendor/laravel/framework/src/Illuminate/Console/View/Components/Info.php(18): Illuminate\\Console\\View\\Components\\Line->render()
#5 /mnt/data/claude_reg_edit/upd-forgot-password/vendor/laravel/framework/src/Illuminate/Console/View/Components/Factory.php(59): Illuminate\\Console\\View\\Components\\Info->render()
#6 /mnt/data/claude_reg_edit/upd-forgot-password/vendor/laravel/framework/src/Illuminate/Foundation/Console/ViewClearCommand.php(73): Illuminate\\Console\\View\\Components\\Factory->__call()
#7 /mnt/data/claude_reg_edit/upd-forgot-password/vendor/laravel/framework/src/Illuminate/Container/BoundMethod.php(36): Illuminate\\Foundation\\Console\\ViewClearCommand->handle()
#8 /mnt/data/claude_reg_edit/upd-forgot-password/vendor/laravel/framework/src/Illuminate/Container/Util.php(43): Illuminate\\Container\\BoundMethod::{closure:Illuminate\\Container\\BoundMethod::call():35}()
#9 /mnt/data/claude_reg_edit/upd-forgot-password/vendor/laravel/framework/src/Illuminate/Container/BoundMethod.php(96): Illuminate\\Container\\Util::unwrapIfClosure()
#10 /mnt/data/claude_reg_edit/upd-forgot-password/vendor/laravel/framework/src/Illuminate/Container/BoundMethod.php(35): Illuminate\\Container\\BoundMethod::callBoundMethod()
#11 /mnt/data/claude_reg_edit/upd-forgot-password/vendor/laravel/framework/src/Illuminate/Container/Container.php(799): Illuminate\\Container\\BoundMethod::call()
#12 /mnt/data/claude_reg_edit/upd-forgot-password/vendor/laravel/framework/src/Illuminate/Console/Command.php(211): Illuminate\\Container\\Container->call()
#13 /mnt/data/claude_reg_edit/upd-forgot-password/vendor/symfony/console/Command/Command.php(341): Illuminate\\Console\\Command->execute()
#14 /mnt/data/claude_reg_edit/upd-forgot-password/vendor/laravel/framework/src/Illuminate/Console/Command.php(180): Symfony\\Component\\Console\\Command\\Command->run()
#15 /mnt/data/claude_reg_edit/upd-forgot-password/vendor/laravel/framework/src/Illuminate/Console/Concerns/CallsCommands.php(68): Illuminate\\Console\\Command->run()
#16 /mnt/data/claude_reg_edit/upd-forgot-password/vendor/laravel/framework/src/Illuminate/Console/Concerns/CallsCommands.php(41): Illuminate\\Console\\Command->runCommand()
#17 /mnt/data/claude_reg_edit/upd-forgot-password/vendor/laravel/framework/src/Illuminate/Foundation/Console/ViewCacheCommand.php(36): Illuminate\\Console\\Command->callSilent()
#18 /mnt/data/claude_reg_edit/upd-forgot-password/vendor/laravel/framework/src/Illuminate/Container/BoundMethod.php(36): Illuminate\\Foundation\\Console\\ViewCacheCommand->handle()
#19 /mnt/data/claude_reg_edit/upd-forgot-password/vendor/laravel/framework/src/Illuminate/Container/Util.php(43): Illuminate\\Container\\BoundMethod::{closure:Illuminate\\Container\\BoundMethod::call():35}()
#20 /mnt/data/claude_reg_edit/upd-forgot-password/vendor/laravel/framework/src/Illuminate/Container/BoundMethod.php(96): Illuminate\\Container\\Util::unwrapIfClosure()
#21 /mnt/data/claude_reg_edit/upd-forgot-password/vendor/laravel/framework/src/Illuminate/Container/BoundMethod.php(35): Illuminate\\Container\\BoundMethod::callBoundMethod()
#22 /mnt/data/claude_reg_edit/upd-forgot-password/vendor/laravel/framework/src/Illuminate/Container/Container.php(799): Illuminate\\Container\\BoundMethod::call()
#23 /mnt/data/claude_reg_edit/upd-forgot-password/vendor/laravel/framework/src/Illuminate/Console/Command.php(211): Illuminate\\Container\\Container->call()
#24 /mnt/data/claude_reg_edit/upd-forgot-password/vendor/symfony/console/Command/Command.php(341): Illuminate\\Console\\Command->execute()
#25 /mnt/data/claude_reg_edit/upd-forgot-password/vendor/laravel/framework/src/Illuminate/Console/Command.php(180): Symfony\\Component\\Console\\Command\\Command->run()
#26 /mnt/data/claude_reg_edit/upd-forgot-password/vendor/symfony/console/Application.php(1117): Illuminate\\Console\\Command->run()
#27 /mnt/data/claude_reg_edit/upd-forgot-password/vendor/symfony/console/Application.php(356): Symfony\\Component\\Console\\Application->doRunCommand()
#28 /mnt/data/claude_reg_edit/upd-forgot-password/vendor/symfony/console/Application.php(195): Symfony\\Component\\Console\\Application->doRun()
#29 /mnt/data/claude_reg_edit/upd-forgot-password/vendor/laravel/framework/src/Illuminate/Foundation/Console/Kernel.php(198): Symfony\\Component\\Console\\Application->run()
#30 /mnt/data/claude_reg_edit/upd-forgot-password/vendor/laravel/framework/src/Illuminate/Foundation/Application.php(1235): Illuminate\\Foundation\\Console\\Kernel->handle()
#31 /mnt/data/claude_reg_edit/upd-forgot-password/artisan(16): Illuminate\\Foundation\\Application->handleCommand()
#32 {main}
"} 
[2026-09-06 02:31:03] local.ERROR: Class "DOMDocument" not found {"exception":"[object] (Error(code: 0): Class \"DOMDocument\" not found at /mnt/data/workproj2/upd-forgot-password/vendor/nunomaduro/termwind/src/HtmlRenderer.php:32)
[stacktrace]
#0 /mnt/data/workproj2/upd-forgot-password/vendor/nunomaduro/termwind/src/HtmlRenderer.php(24): Termwind\\HtmlRenderer->parse()
#1 /mnt/data/workproj2/upd-forgot-password/vendor/nunomaduro/termwind/src/Functions.php(41): Termwind\\HtmlRenderer->render()
#2 /mnt/data/workproj2/upd-forgot-password/vendor/laravel/framework/src/Illuminate/Console/View/Components/Component.php(51): Termwind\\render()
#3 /mnt/data/workproj2/upd-forgot-password/vendor/laravel/framework/src/Illuminate/Console/View/Components/Line.php(54): Illuminate\\Console\\View\\Components\\Component->renderView()
#4 /mnt/data/workproj2/upd-forgot-password/vendor/laravel/framework/src/Illuminate/Console/View/Components/Info.php(18): Illuminate\\Console\\View\\Components\\Line->render()
#5 /mnt/data/workproj2/upd-forgot-password/vendor/laravel/framework/src/Illuminate/Console/View/Components/Factory.php(59): Illuminate\\Console\\View\\Components\\Info->render()
#6 /mnt/data/workproj2/upd-forgot-password/vendor/laravel/framework/src/Illuminate/Foundation/Console/ViewClearCommand.php(73): Illuminate\\Console\\View\\Components\\Factory->__call()
#7 /mnt/data/workproj2/upd-forgot-password/vendor/laravel/framework/src/Illuminate/Container/BoundMethod.php(36): Illuminate\\Foundation\\Console\\ViewClearCommand->handle()
#8 /mnt/data/workproj2/upd-forgot-password/vendor/laravel/framework/src/Illuminate/Container/Util.php(43): Illuminate\\Container\\BoundMethod::{closure:Illuminate\\Container\\BoundMethod::call():35}()
#9 /mnt/data/workproj2/upd-forgot-password/vendor/laravel/framework/src/Illuminate/Container/BoundMethod.php(96): Illuminate\\Container\\Util::unwrapIfClosure()
#10 /mnt/data/workproj2/upd-forgot-password/vendor/laravel/framework/src/Illuminate/Container/BoundMethod.php(35): Illuminate\\Container\\BoundMethod::callBoundMethod()
#11 /mnt/data/workproj2/upd-forgot-password/vendor/laravel/framework/src/Illuminate/Container/Container.php(799): Illuminate\\Container\\BoundMethod::call()
#12 /mnt/data/workproj2/upd-forgot-password/vendor/laravel/framework/src/Illuminate/Console/Command.php(211): Illuminate\\Container\\Container->call()
#13 /mnt/data/workproj2/upd-forgot-password/vendor/symfony/console/Command/Command.php(341): Illuminate\\Console\\Command->execute()
#14 /mnt/data/workproj2/upd-forgot-password/vendor/laravel/framework/src/Illuminate/Console/Command.php(180): Symfony\\Component\\Console\\Command\\Command->run()
#15 /mnt/data/workproj2/upd-forgot-password/vendor/laravel/framework/src/Illuminate/Console/Concerns/CallsCommands.php(68): Illuminate\\Console\\Command->run()
#16 /mnt/data/workproj2/upd-forgot-password/vendor/laravel/framework/src/Illuminate/Console/Concerns/CallsCommands.php(41): Illuminate\\Console\\Command->runCommand()
#17 /mnt/data/workproj2/upd-forgot-password/vendor/laravel/framework/src/Illuminate/Foundation/Console/ViewCacheCommand.php(36): Illuminate\\Console\\Command->callSilent()
#18 /mnt/data/workproj2/upd-forgot-password/vendor/laravel/framework/src/Illuminate/Container/BoundMethod.php(36): Illuminate\\Foundation\\Console\\ViewCacheCommand->handle()
#19 /mnt/data/workproj2/upd-forgot-password/vendor/laravel/framework/src/Illuminate/Container/Util.php(43): Illuminate\\Container\\BoundMethod::{closure:Illuminate\\Container\\BoundMethod::call():35}()
#20 /mnt/data/workproj2/upd-forgot-password/vendor/laravel/framework/src/Illuminate/Container/BoundMethod.php(96): Illuminate\\Container\\Util::unwrapIfClosure()
#21 /mnt/data/workproj2/upd-forgot-password/vendor/laravel/framework/src/Illuminate/Container/BoundMethod.php(35): Illuminate\\Container\\BoundMethod::callBoundMethod()
#22 /mnt/data/workproj2/upd-forgot-password/vendor/laravel/framework/src/Illuminate/Container/Container.php(799): Illuminate\\Container\\BoundMethod::call()
#23 /mnt/data/workproj2/upd-forgot-password/vendor/laravel/framework/src/Illuminate/Console/Command.php(211): Illuminate\\Container\\Container->call()
#24 /mnt/data/workproj2/upd-forgot-password/vendor/symfony/console/Command/Command.php(341): Illuminate\\Console\\Command->execute()
#25 /mnt/data/workproj2/upd-forgot-password/vendor/laravel/framework/src/Illuminate/Console/Command.php(180): Symfony\\Component\\Console\\Command\\Command->run()
#26 /mnt/data/workproj2/upd-forgot-password/vendor/symfony/console/Application.php(1117): Illuminate\\Console\\Command->run()
#27 /mnt/data/workproj2/upd-forgot-password/vendor/symfony/console/Application.php(356): Symfony\\Component\\Console\\Application->doRunCommand()
#28 /mnt/data/workproj2/upd-forgot-password/vendor/symfony/console/Application.php(195): Symfony\\Component\\Console\\Application->doRun()
#29 /mnt/data/workproj2/upd-forgot-password/vendor/laravel/framework/src/Illuminate/Foundation/Console/Kernel.php(198): Symfony\\Component\\Console\\Application->run()
#30 /mnt/data/workproj2/upd-forgot-password/vendor/laravel/framework/src/Illuminate/Foundation/Application.php(1235): Illuminate\\Foundation\\Console\\Kernel->handle()
#31 /mnt/data/workproj2/upd-forgot-password/artisan(16): Illuminate\\Foundation\\Application->handleCommand()
#32 {main}
"} 
